CCS PCM C Compiler, Version 5.115, 43599               17-Mar-25 03:35

               Filename:   D:\Embedded\Projects\PIC16F877A\External OCS Counter T1 with 3x7 led seg\main.lst

               ROM used:   300 words (4%)
                           Largest free fragment is 2048
               RAM used:   10 (3%) at main() level
                           20 (5%) worst case
               Stack used: 1 locations
               Stack size: 8

*
0000:  MOVLW  00
0001:  MOVWF  0A
0002:  GOTO   0F8
0003:  NOP
.................... #include <main.h>
.................... #include <16F877A.h>
.................... //////////// Standard Header file for the PIC16F877A device ////////////////
.................... ///////////////////////////////////////////////////////////////////////////
.................... ////        (C) Copyright 1996, 2020 Custom Computer Services          ////
.................... //// This source code may only be used by licensed users of the CCS C  ////
.................... //// compiler.  This source code may only be distributed to other      ////
.................... //// licensed users of the CCS C compiler.  No other use, reproduction ////
.................... //// or distribution is permitted without written permission.          ////
.................... //// Derivative programs created using this software in object code    ////
.................... //// form are not restricted in any way.                               ////
.................... ///////////////////////////////////////////////////////////////////////////
.................... #device PIC16F877A
0004:  BCF    0A.0
0005:  BCF    0A.1
0006:  BCF    0A.2
0007:  ADDWF  02,F
0008:  RETLW  3F
0009:  RETLW  06
000A:  RETLW  5B
000B:  RETLW  4F
000C:  RETLW  66
000D:  RETLW  6D
000E:  RETLW  7D
000F:  RETLW  07
0010:  RETLW  7F
0011:  RETLW  6F
0012:  MOVF   2A,W
0013:  XORWF  2C,W
0014:  ANDLW  80
0015:  MOVWF  2E
0016:  BTFSS  2A.7
0017:  GOTO   01D
0018:  COMF   29,F
0019:  COMF   2A,F
001A:  INCF   29,F
001B:  BTFSC  03.2
001C:  INCF   2A,F
001D:  BTFSS  2C.7
001E:  GOTO   024
001F:  COMF   2B,F
0020:  COMF   2C,F
0021:  INCF   2B,F
0022:  BTFSC  03.2
0023:  INCF   2C,F
0024:  CLRF   78
0025:  CLRF   79
0026:  CLRF   77
0027:  CLRF   7A
0028:  MOVF   2C,W
0029:  BTFSS  03.2
002A:  GOTO   02E
002B:  MOVF   2B,W
002C:  BTFSC  03.2
002D:  GOTO   048
002E:  MOVLW  10
002F:  MOVWF  2D
0030:  BCF    03.0
0031:  RLF    29,F
0032:  RLF    2A,F
0033:  RLF    77,F
0034:  RLF    7A,F
0035:  MOVF   2C,W
0036:  SUBWF  7A,W
0037:  BTFSS  03.2
0038:  GOTO   03B
0039:  MOVF   2B,W
003A:  SUBWF  77,W
003B:  BTFSS  03.0
003C:  GOTO   044
003D:  MOVF   2B,W
003E:  SUBWF  77,F
003F:  BTFSS  03.0
0040:  DECF   7A,F
0041:  MOVF   2C,W
0042:  SUBWF  7A,F
0043:  BSF    03.0
0044:  RLF    78,F
0045:  RLF    79,F
0046:  DECFSZ 2D,F
0047:  GOTO   030
0048:  BTFSS  2E.7
0049:  GOTO   04F
004A:  COMF   78,F
004B:  COMF   79,F
004C:  INCF   78,F
004D:  BTFSC  03.2
004E:  INCF   79,F
004F:  RETURN
.................... 
.................... #list
.................... 
.................... #device ADC=10
.................... #use delay(crystal=6000000)
*
00B0:  MOVLW  25
00B1:  MOVWF  04
00B2:  BCF    03.7
00B3:  MOVF   00,W
00B4:  BTFSC  03.2
00B5:  GOTO   0C4
00B6:  MOVLW  01
00B7:  MOVWF  78
00B8:  CLRF   77
00B9:  DECFSZ 77,F
00BA:  GOTO   0B9
00BB:  DECFSZ 78,F
00BC:  GOTO   0B8
00BD:  MOVLW  F1
00BE:  MOVWF  77
00BF:  DECFSZ 77,F
00C0:  GOTO   0BF
00C1:  NOP
00C2:  DECFSZ 00,F
00C3:  GOTO   0B6
00C4:  RETURN
.................... 
.................... 
.................... #fuses hs, nowdt, put, noprotect, nolvp
.................... 
.................... unsigned INT16 T1;
.................... unsigned INT ma_tr, ma_ch, ma_dv;
.................... const unsigned char ma7doan[10] = {0x3f, 0x06, 0x5b, 0x4f, 0x66, 0x6d, 0x7d, 0x07, 0x7f, 0x6f}; 
.................... 
.................... void giaima_3so_xvn(signed int16 x) 
.................... {
....................    ma_dv = ma7doan[x % 10];   // Hàng don v?
*
0050:  MOVF   26,W
0051:  MOVWF  2A
0052:  MOVF   25,W
0053:  MOVWF  29
0054:  CLRF   2C
0055:  MOVLW  0A
0056:  MOVWF  2B
0057:  CALL   012
0058:  MOVF   77,W
0059:  MOVWF  27
005A:  MOVF   7A,W
005B:  MOVWF  28
005C:  MOVWF  7A
005D:  MOVF   77,W
005E:  CALL   004
005F:  MOVWF  78
0060:  MOVWF  24
....................    ma_ch = ma7doan[ (x / 10) % 10];  // Hàng ch?c
0061:  MOVF   26,W
0062:  MOVWF  2A
0063:  MOVF   25,W
0064:  MOVWF  29
0065:  CLRF   2C
0066:  MOVLW  0A
0067:  MOVWF  2B
0068:  CALL   012
0069:  MOVF   79,W
006A:  MOVWF  28
006B:  MOVF   78,W
006C:  MOVWF  27
006D:  MOVF   79,W
006E:  MOVWF  2A
006F:  MOVF   78,W
0070:  MOVWF  29
0071:  CLRF   2C
0072:  MOVLW  0A
0073:  MOVWF  2B
0074:  CALL   012
0075:  MOVF   77,W
0076:  MOVWF  27
0077:  MOVF   7A,W
0078:  MOVWF  28
0079:  MOVWF  7A
007A:  MOVF   77,W
007B:  CALL   004
007C:  MOVWF  78
007D:  MOVWF  23
....................    ma_tr = ma7doan[ (x / 100) % 10]; // Hàng tram
007E:  MOVF   26,W
007F:  MOVWF  2A
0080:  MOVF   25,W
0081:  MOVWF  29
0082:  CLRF   2C
0083:  MOVLW  64
0084:  MOVWF  2B
0085:  CALL   012
0086:  MOVF   79,W
0087:  MOVWF  28
0088:  MOVF   78,W
0089:  MOVWF  27
008A:  MOVF   79,W
008B:  MOVWF  2A
008C:  MOVF   78,W
008D:  MOVWF  29
008E:  CLRF   2C
008F:  MOVLW  0A
0090:  MOVWF  2B
0091:  CALL   012
0092:  MOVF   77,W
0093:  MOVWF  27
0094:  MOVF   7A,W
0095:  MOVWF  28
0096:  MOVWF  7A
0097:  MOVF   77,W
0098:  CALL   004
0099:  MOVWF  78
009A:  MOVWF  22
....................    // ?n s? 0 ? hàng tram n?u x < 100
....................    if (x < 100)
009B:  BTFSC  26.7
009C:  GOTO   0A3
009D:  MOVF   26,F
009E:  BTFSS  03.2
009F:  GOTO   0A4
00A0:  MOVF   25,W
00A1:  SUBLW  63
00A2:  BTFSC  03.0
....................    {
....................       ma_tr = 0x00;
00A3:  CLRF   22
....................    }
.................... 
....................    // ?n s? 0 ? hàng ch?c n?u x < 10
....................    if (x < 10)
00A4:  BTFSC  26.7
00A5:  GOTO   0AC
00A6:  MOVF   26,F
00A7:  BTFSS  03.2
00A8:  GOTO   0AD
00A9:  MOVF   25,W
00AA:  SUBLW  09
00AB:  BTFSC  03.0
....................    {
....................       ma_ch = 0x00;
00AC:  CLRF   23
....................    }
00AD:  BCF    0A.3
00AE:  BCF    0A.4
00AF:  GOTO   11E (RETURN)
.................... }
.................... 
.................... void hienthi_3so_quet() 
.................... {
....................    // Hi?n th? hàng don v?
....................    output_d (ma_dv) ;
*
00C5:  BSF    03.5
00C6:  CLRF   08
00C7:  BCF    03.5
00C8:  MOVF   24,W
00C9:  MOVWF  08
....................    output_high (PIN_B0) ;
00CA:  BSF    03.5
00CB:  BCF    06.0
00CC:  BCF    03.5
00CD:  BSF    06.0
....................    delay_ms (3) ;
00CE:  MOVLW  03
00CF:  MOVWF  25
00D0:  CALL   0B0
....................    output_low (PIN_B0) ;
00D1:  BSF    03.5
00D2:  BCF    06.0
00D3:  BCF    03.5
00D4:  BCF    06.0
.................... 
....................    // Hi?n th? hàng ch?c
....................    output_d (ma_ch) ;
00D5:  BSF    03.5
00D6:  CLRF   08
00D7:  BCF    03.5
00D8:  MOVF   23,W
00D9:  MOVWF  08
....................    output_high (PIN_B1) ;
00DA:  BSF    03.5
00DB:  BCF    06.1
00DC:  BCF    03.5
00DD:  BSF    06.1
....................    delay_ms (3) ;
00DE:  MOVLW  03
00DF:  MOVWF  25
00E0:  CALL   0B0
....................    output_low (PIN_B1) ;
00E1:  BSF    03.5
00E2:  BCF    06.1
00E3:  BCF    03.5
00E4:  BCF    06.1
.................... 
....................    // Hi?n th? hàng tram
....................    output_d (ma_tr) ;
00E5:  BSF    03.5
00E6:  CLRF   08
00E7:  BCF    03.5
00E8:  MOVF   22,W
00E9:  MOVWF  08
....................    output_high (PIN_B2) ;
00EA:  BSF    03.5
00EB:  BCF    06.2
00EC:  BCF    03.5
00ED:  BSF    06.2
....................    delay_ms (3) ;
00EE:  MOVLW  03
00EF:  MOVWF  25
00F0:  CALL   0B0
....................    output_low (PIN_B2) ;
00F1:  BSF    03.5
00F2:  BCF    06.2
00F3:  BCF    03.5
00F4:  BCF    06.2
00F5:  BCF    0A.3
00F6:  BCF    0A.4
00F7:  GOTO   11F (RETURN)
.................... }
.................... 
.................... void main()
00F8:  MOVF   03,W
00F9:  ANDLW  1F
00FA:  MOVWF  03
00FB:  BSF    03.5
00FC:  BSF    1F.0
00FD:  BSF    1F.1
00FE:  BSF    1F.2
00FF:  BCF    1F.3
0100:  MOVLW  07
0101:  MOVWF  1C
0102:  BCF    03.7
.................... {
....................    set_tris_b (0x00) ;
0103:  MOVLW  00
0104:  MOVWF  06
....................    set_tris_d (0x00) ;
0105:  MOVWF  08
....................    
....................    setup_timer_1 (T1_EXTERNAL | T1_DIV_BY_1) ;
0106:  MOVLW  87
0107:  BCF    03.5
0108:  MOVWF  10
....................    set_timer1 (0) ;
0109:  CLRF   0E
010A:  CLRF   0F
010B:  CLRF   0E
010C:  NOP
.................... 
....................    WHILE (TRUE)
....................    {
....................       T1 = get_timer1 ();
010D:  MOVF   0F,W
010E:  MOVWF  7A
010F:  MOVF   0E,W
0110:  MOVWF  77
0111:  MOVF   0F,W
0112:  SUBWF  7A,W
0113:  BTFSS  03.2
0114:  GOTO   10D
0115:  MOVF   77,W
0116:  MOVWF  20
0117:  MOVF   7A,W
0118:  MOVWF  21
....................       giaima_3so_xvn (T1) ;
0119:  MOVF   21,W
011A:  MOVWF  26
011B:  MOVF   20,W
011C:  MOVWF  25
011D:  GOTO   050
....................       hienthi_3so_quet () ;
011E:  GOTO   0C5
....................       if (T1 > 100) set_timer1(0);
011F:  MOVF   21,F
0120:  BTFSS  03.2
0121:  GOTO   126
0122:  MOVF   20,W
0123:  SUBLW  64
0124:  BTFSC  03.0
0125:  GOTO   12A
0126:  CLRF   0E
0127:  CLRF   0F
0128:  CLRF   0E
0129:  NOP
012A:  GOTO   10D
....................    }
.................... }
.................... 
012B:  SLEEP

Configuration Fuses:
   Word  1: 3F72   HS NOWDT PUT BROWNOUT NOLVP NOCPD NOWRT NODEBUG NOPROTECT
